#
# Copyright 2016-2017 The Reaktivity Project
#
# The Reaktivity Project licenses this file to you under the Apache License,
# version 2.0 (the "License"); you may not use this file except in compliance
# with the License. You may obtain a copy of the License at:
#
#   http://www.apache.org/licenses/LICENSE-2.0
#
# Unless required by applicable law or agreed to in writing, software
# distributed under the License is distributed on an "AS IS" BASIS, WITHOUT
# WARRANTIES OR CONDITIONS OF ANY KIND, either express or implied. See the
# License for the specific language governing permissions and limitations
# under the License.
#

property nukleiUR020102N ${nuklei:directory("target/nukleus-itests").controlCapacity(1024, 1024)}

property controlUR020102N ${nukleiUR020102N.controlNew("http-cache")}

connect await ROUTED_OUTPUT
        "agrona://stream/bidirectional"
        option agrona:reader ${agrona:manyToOneReader(controlUR020102N.nukleus)}
        option agrona:writer ${agrona:broadcastTransmitter(controlUR020102N.controller)}

connected

read [0x00 0x00 0x00 0x02]
read ([0..8]:correlationIdUR020102N)
read [0x01 0x02]
read [0x06] "target"
read ([0..8]:targetOutputEstRefUR020102N)
read [0x06] "source"
read [0x00 0x00 0x00 0x00 0x00 0x00 0x00 0x00]

write [0x40 0x00 0x00 0x02]
write ${correlationIdUR020102N}
write flush

close
closed
