#
# Copyright 2016-2017 The Reaktivity Project
#
# The Reaktivity Project licenses this file to you under the Apache License,
# version 2.0 (the "License"); you may not use this file except in compliance
# with the License. You may obtain a copy of the License at:
#
#   http://www.apache.org/licenses/LICENSE-2.0
#
# Unless required by applicable law or agreed to in writing, software
# distributed under the License is distributed on an "AS IS" BASIS, WITHOUT
# WARRANTIES OR CONDITIONS OF ANY KIND, either express or implied. See the
# License for the specific language governing permissions and limitations
# under the License.
#

property nukleiRG010000N ${nuklei:directory("target/nukleus-itests").controlCapacity(1024, 1024)}

property controlRG010000N ${nukleiRG010000N.controlNew("http-cache")}

connect agrona://stream/bidirectional
        option reader ${agrona:manyToOneReader(controlRG010000N.nukleus)}
        option writer ${agrona:broadcastTransmitter(controlRG010000N.controller)}

connected

read [0x00 0x00 0x00 0x01]
read ([0..8]:correlationIdRG010000N)
read [0x00 0x00]
read [0x06] "source"
read [0x00 0x00 0x00 0x00 0x00 0x00 0x00 0x00]
read [0x06] "target"
read ([0..8]:targetInputRefRG010000N)
read [0x0c] "sub-protocol"

write [0x40 0x00 0x00 0x01]
write ${correlationIdRG010000N}
write ${nuklei:newReferenceId()}
write flush

close
closed
