#
# Copyright 2016-2017 The Reaktivity Project
#
# The Reaktivity Project licenses this file to you under the Apache License,
# version 2.0 (the "License"); you may not use this file except in compliance
# with the License. You may obtain a copy of the License at:
#
#   http://www.apache.org/licenses/LICENSE-2.0
#
# Unless required by applicable law or agreed to in writing, software
# distributed under the License is distributed on an "AS IS" BASIS, WITHOUT
# WARRANTIES OR CONDITIONS OF ANY KIND, either express or implied. See the
# License for the specific language governing permissions and limitations
# under the License.
#

property newProxyConnectRef ${nuklei:newReferenceId()} # external scope
property date ${http_cache:date()} # shared property
property date2 ${http_cache:datePlus(2)} # shared property

accept await ROUTED_PROXY
        "nukleus://target/streams/http-cache"
        option nukleus:route ${newProxyConnectRef}
        option nukleus:window 8192
        option nukleus:transmission "half-duplex"
accepted

read nukleus:begin.ext ${http:header(":scheme", "http")}
                       ${http:header(":method", "GET")}
                       ${http:header(":path", "/path")}
                       ${http:header(":authority", "localhost:8080")}
                       ${http:header("user-agent", "user-agent-1")}

connected

read closed

write nukleus:begin.ext ${http:header(":status", "200")}
                        ${http:header("content-length", "11")}
                        ${http:header("cache-control", "max-age=5")}
                        ${http:header("date", date)}
                        ${http:header("last-modified", date)}
                        ${http:header("vary", "user-agent")}

write "hello world"

write close

accepted

read nukleus:begin.ext ${http:header(":scheme", "http")}
                       ${http:header(":method", "GET")}
                       ${http:header(":path", "/path")}
                       ${http:header(":authority", "localhost:8080")}
                       ${http:header("user-agent", "user-agent-2")}
connected

read closed

write nukleus:begin.ext ${http:header(":status", "200")}
                        ${http:header("content-length", "11")}
                        ${http:header("cache-control", "max-age=5")}
                        ${http:header("date", date2)}
                        ${http:header("last-modified", date2)}
                        ${http:header("vary", "user-agent")}

write "hello alien"

write close
